// Jest Snapshot v1, https://goo.gl/fbAQLP

exports[`[Component: Modal] matches snapshot 1`] = `""`;
