// Jest Snapshot v1, https://goo.gl/fbAQLP

exports[`[Component: Either] matches snapshot 1`] = `""`;
