// Jest Snapshot v1, https://goo.gl/fbAQLP

exports[`[Component: Title] matches snapshot 1`] = `
<h1>
  Title component
</h1>
`;
