// Jest Snapshot v1, https://goo.gl/fbAQLP

exports[`[Component: If] matches snapshot 1`] = `""`;
