// Jest Snapshot v1, https://goo.gl/fbAQLP

exports[`[Page: Feed] matches snapshot 1`] = `[Function]`;
